============================= test session starts ==============================
platform linux -- Python 3.12.1, pytest-8.3.5, pluggy-1.5.0 -- /usr/local/py-utils/venvs/pytest/bin/python
cachedir: .pytest_cache
rootdir: /workspaces/trainmcts
plugins: anyio-4.9.0
collecting ... collected 117 items / 1 skipped

tests/test_ai_quality.py::test_ai_handles_11_plus_3_cards_correctly FAILED
tests/test_ai_quality.py::test_ai_prefers_fantasy_qualification_progressive[fantasy_hand_str0-10] FAILED
tests/test_ai_quality.py::test_ai_prefers_fantasy_qualification_progressive[fantasy_hand_str1-11] FAILED
tests/test_ai_quality.py::test_ai_prefers_fantasy_qualification_progressive[fantasy_hand_str2-12] FAILED
tests/test_ai_quality.py::test_ai_prefers_fantasy_qualification_progressive[fantasy_hand_str3-5] FAILED
tests/test_ai_quality.py::test_ai_avoids_obvious_foul FAILED
tests/test_ai_quality.py::test_ai_correct_discard_choice_not_first_street PASSED
tests/test_ai_quality.py::test_ai_first_street_strong_hand_to_bottom FAILED
tests/test_ai_quality.py::test_ai_handles_unknown_cards_conservatively FAILED
tests/test_evaluator_3card.py::test_evaluate_3_card_valid[hand_str0-1-Trips-AAA] PASSED
tests/test_evaluator_3card.py::test_evaluate_3_card_valid[hand_str1-2-Trips-KKK] PASSED
tests/test_evaluator_3card.py::test_evaluate_3_card_valid[hand_str2-13-Trips-222] PASSED
tests/test_evaluator_3card.py::test_evaluate_3_card_valid[hand_str3-14-Pair-AAK] PASSED
tests/test_evaluator_3card.py::test_evaluate_3_card_valid[hand_str4-25-Pair-AA2] PASSED
tests/test_evaluator_3card.py::test_evaluate_3_card_valid[hand_str5-40-Pair-QQJ] PASSED
tests/test_evaluator_3card.py::test_evaluate_3_card_valid[hand_str6-49-Pair-QQ2] PASSED
tests/test_evaluator_3card.py::test_evaluate_3_card_valid[hand_str7-110-Pair-66A] PASSED
tests/test_evaluator_3card.py::test_evaluate_3_card_valid[hand_str8-118-Pair-665] PASSED
tests/test_evaluator_3card.py::test_evaluate_3_card_valid[hand_str9-158-Pair-22A] PASSED
tests/test_evaluator_3card.py::test_evaluate_3_card_valid[hand_str10-169-Pair-223] PASSED
tests/test_evaluator_3card.py::test_evaluate_3_card_valid[hand_str11-170-High Card-AKQ] PASSED
tests/test_evaluator_3card.py::test_evaluate_3_card_valid[hand_str12-180-High Card-AK2] PASSED
tests/test_evaluator_3card.py::test_evaluate_3_card_valid[hand_str13-236-High Card-KQJ] PASSED
tests/test_evaluator_3card.py::test_evaluate_3_card_valid[hand_str14-245-High Card-KQ2] PASSED
tests/test_evaluator_3card.py::test_evaluate_3_card_valid[hand_str15-454-High Card-532] PASSED
tests/test_evaluator_3card.py::test_evaluate_3_card_valid[hand_str16-455-High Card-432] PASSED
tests/test_evaluator_3card.py::test_evaluate_3_card_invalid_input PASSED
tests/test_evaluator_3card.py::test_lookup_table_completeness PASSED
tests/test_evaluator_5card.py::test_lookup_table_constants PASSED
tests/test_evaluator_5card.py::test_lookup_table_generation_completeness PASSED
tests/test_evaluator_5card.py::test_evaluate_valid_hands[hand_str0-1-Straight Flush] PASSED
tests/test_evaluator_5card.py::test_evaluate_valid_hands[hand_str1-6-Straight Flush] PASSED
tests/test_evaluator_5card.py::test_evaluate_valid_hands[hand_str2-22-Four of a Kind] PASSED
tests/test_evaluator_5card.py::test_evaluate_valid_hands[hand_str3-155-Four of a Kind] PASSED
tests/test_evaluator_5card.py::test_evaluate_valid_hands[hand_str4-180-Full House] PASSED
tests/test_evaluator_5card.py::test_evaluate_valid_hands[hand_str5-311-Full House] PASSED
tests/test_evaluator_5card.py::test_evaluate_valid_hands[hand_str6-582-Flush] PASSED
tests/test_evaluator_5card.py::test_evaluate_valid_hands[hand_str7-1599-Flush] PASSED
tests/test_evaluator_5card.py::test_evaluate_valid_hands[hand_str8-1600-Straight] PASSED
tests/test_evaluator_5card.py::test_evaluate_valid_hands[hand_str9-1609-Straight] PASSED
tests/test_evaluator_5card.py::test_evaluate_valid_hands[hand_str10-1610-Three of a Kind] PASSED
tests/test_evaluator_5card.py::test_evaluate_valid_hands[hand_str11-2467-Three of a Kind] PASSED
tests/test_evaluator_5card.py::test_evaluate_valid_hands[hand_str12-2468-Two Pair] PASSED
tests/test_evaluator_5card.py::test_evaluate_valid_hands[hand_str13-3325-Two Pair] PASSED
tests/test_evaluator_5card.py::test_evaluate_valid_hands[hand_str14-3326-Pair] PASSED
tests/test_evaluator_5card.py::test_evaluate_valid_hands[hand_str15-6185-Pair] PASSED
tests/test_evaluator_5card.py::test_evaluate_valid_hands[hand_str16-6186-High Card] PASSED
tests/test_evaluator_5card.py::test_evaluate_valid_hands[hand_str17-7462-High Card] PASSED
tests/test_evaluator_5card.py::test_evaluate_invalid_input PASSED
tests/test_evaluator_5card.py::test_get_rank_class PASSED
tests/test_evaluator_5card.py::test_class_to_string PASSED
tests/test_evaluators.py::test_get_hand_rank_safe_3card_valid[hand_str0-Trips] PASSED
tests/test_evaluators.py::test_get_hand_rank_safe_3card_valid[hand_str1-Pair] PASSED
tests/test_evaluators.py::test_get_hand_rank_safe_3card_valid[hand_str2-High Card] PASSED
tests/test_evaluators.py::test_get_hand_rank_safe_5card_valid[hand_str0-Straight Flush] PASSED
tests/test_evaluators.py::test_get_hand_rank_safe_5card_valid[hand_str1-Four of a Kind] PASSED
tests/test_evaluators.py::test_get_hand_rank_safe_5card_valid[hand_str2-Full House] PASSED
tests/test_evaluators.py::test_get_hand_rank_safe_5card_valid[hand_str3-Flush] PASSED
tests/test_evaluators.py::test_get_hand_rank_safe_5card_valid[hand_str4-Straight] PASSED
tests/test_evaluators.py::test_get_hand_rank_safe_5card_valid[hand_str5-Three of a Kind] PASSED
tests/test_evaluators.py::test_get_hand_rank_safe_5card_valid[hand_str6-Two Pair] PASSED
tests/test_evaluators.py::test_get_hand_rank_safe_5card_valid[hand_str7-Pair] PASSED
tests/test_evaluators.py::test_get_hand_rank_safe_5card_valid[hand_str8-High Card] PASSED
tests/test_evaluators.py::test_get_hand_rank_safe_invalid[None] PASSED
tests/test_evaluators.py::test_get_hand_rank_safe_invalid[not a list] PASSED
tests/test_evaluators.py::test_get_hand_rank_safe_invalid[cards_input2] PASSED
tests/test_evaluators.py::test_get_hand_rank_safe_invalid[cards_input3] PASSED
tests/test_evaluators.py::test_get_hand_rank_safe_invalid[cards_input4] PASSED
tests/test_evaluators.py::test_get_hand_rank_safe_invalid[cards_input5] PASSED
tests/test_evaluators.py::test_get_hand_rank_safe_invalid[cards_input6] PASSED
tests/test_evaluators.py::test_get_hand_rank_safe_invalid[cards_input7] PASSED
tests/test_evaluators.py::test_get_hand_rank_safe_invalid[cards_input8] PASSED
tests/test_evaluators.py::test_get_hand_rank_safe_invalid[cards_input9] PASSED
tests/test_evaluators.py::test_get_hand_rank_safe_invalid[cards_input10] PASSED
tests/test_mcts_agent.py::test_mcts_agent_init_defaults PASSED
tests/test_mcts_agent.py::test_mcts_agent_init_custom FAILED
tests/test_mcts_agent.py::test_choose_placement_basic_run_and_selection PASSED
tests/test_mcts_agent.py::test_choose_placement_no_cards PASSED
tests/test_mcts_agent.py::test_choose_placement_no_available_slots PASSED
tests/test_mcts_agent.py::test_choose_placement_mcts_loop_flow PASSED
tests/test_mcts_agent.py::test_choose_placement_no_trip_on_top_rule PASSED
tests/test_mcts_agent.py::test_backpropagate_rave_updates_child_stats PASSED
tests/test_ofc_logic.py::test_card_from_str_valid[As-A-s] PASSED
tests/test_ofc_logic.py::test_card_from_str_valid[Kc-K-c] PASSED
tests/test_ofc_logic.py::test_card_from_str_valid[Td-T-d] PASSED
tests/test_ofc_logic.py::test_card_from_str_valid[2h-2-h] PASSED
tests/test_ofc_logic.py::test_card_from_str_valid[10s-T-s] PASSED
tests/test_ofc_logic.py::test_card_to_str_valid[268442665-As] PASSED
tests/test_ofc_logic.py::test_card_to_str_valid[134253349-Kc] PASSED
tests/test_ofc_logic.py::test_card_to_str_valid[16795671-Td] PASSED
tests/test_ofc_logic.py::test_card_to_str_valid[73730-2h] PASSED
tests/test_ofc_logic.py::test_card_to_str_invalid PASSED
tests/test_ofc_logic.py::test_card_getters PASSED
tests/test_ofc_logic.py::test_card_hand_conversion PASSED
tests/test_ofc_logic.py::test_deck_init_full PASSED
tests/test_ofc_logic.py::test_deck_init_with_cards PASSED
tests/test_ofc_logic.py::test_deck_deal PASSED
tests/test_ofc_logic.py::test_deck_deal_more_than_available PASSED
tests/test_ofc_logic.py::test_deck_remove PASSED
tests/test_ofc_logic.py::test_deck_copy PASSED
tests/test_ofc_logic.py::test_playerboard_init PASSED
tests/test_ofc_logic.py::test_playerboard_add_card PASSED
tests/test_ofc_logic.py::test_playerboard_set_full_board PASSED
tests/test_ofc_logic.py::test_playerboard_get_available_slots PASSED
tests/test_ofc_logic.py::test_playerboard_get_board_state_tuple PASSED
tests/test_ofc_logic.py::test_playerboard_copy PASSED
tests/test_ofc_logic.py::test_check_board_foul_logic[top_hand0-middle_hand0-bottom_hand0-True] PASSED
tests/test_ofc_logic.py::test_check_board_foul_logic[top_hand1-middle_hand1-bottom_hand1-False] PASSED
tests/test_ofc_logic.py::test_check_board_foul_logic[top_hand2-middle_hand2-bottom_hand2-False] PASSED
tests/test_ofc_logic.py::test_check_board_foul_logic[top_hand3-middle_hand3-bottom_hand3-False] PASSED
tests/test_ofc_logic.py::test_check_board_foul_logic[top_hand4-middle_hand4-bottom_hand4-False] PASSED
tests/test_ofc_logic.py::test_check_board_foul_logic[top_hand5-middle_hand5-bottom_hand5-False] PASSED
tests/test_ofc_logic.py::test_get_row_royalty_logic PASSED
tests/test_uncertainty_handling.py::TestUncertaintyHandling::test_count_specific_outs FAILED
tests/test_uncertainty_handling.py::TestUncertaintyHandling::test_get_dynamic_weights_uncertainty FAILED
tests/test_uncertainty_handling.py::TestUncertaintyHandling::test_estimate_row_potential_uncertainty FAILED
tests/test_uncertainty_handling.py::TestUncertaintyHandling::test_calculate_heuristic_score_uncertainty FAILED

=================================== FAILURES ===================================
__________________ test_ai_handles_11_plus_3_cards_correctly ___________________

agent_short_time = <mcts_agent.MCTSAgent object at 0x72c6cc0f5640>

    def test_ai_handles_11_plus_3_cards_correctly(agent_short_time):
        """
        ЗАДАЧА 1: На доске 11 карт, ИИ получает 3, должен разместить 2 и 1 сбросить.
        """
        board = PlayerBoard()
        # Заполняем доску 11 картами (пример)
        initial_placements = [
            ('As', 'bottom', 0), ('Ks', 'bottom', 1), ('Qs', 'bottom', 2), ('Js', 'bottom', 3),
            ('Ts', 'middle', 0), ('9s', 'middle', 1), ('8s', 'middle', 2), ('7s', 'middle', 3),
            ('6s', 'top', 0), ('5s', 'top', 1), ('4s', 'top', 2) # 11 карт
        ]
        initial_board_cards_int = []
        for card_str, row, idx in initial_placements:
            c_int = Card.from_str(card_str)
            board.add_card(c_int, row, idx)
            initial_board_cards_int.append(c_int)
    
        assert board.get_total_cards() == 11
    
        # Карты для ИИ (3 штуки)
        cards_dealt_str = ['Ah', 'Kh', '2c'] # Очевидный сброс - 2c
        cards_dealt_int = hand_to_int(cards_dealt_str)
    
        remaining_deck = Deck.FULL_DECK_CARDS - set(initial_board_cards_int) - set(cards_dealt_int)
    
        placement_info = agent_short_time.choose_placement(board, cards_dealt_int, remaining_deck, 0)
    
        assert placement_info is not None, "AI did not return a placement"
        assert 'placements' in placement_info, "Placement info missing 'placements' key"
        assert 'discarded' in placement_info, "Placement info missing 'discarded' key"
    
        assert len(placement_info['placements']) == 2, f"AI should place 2 cards, but placed {len(placement_info['placements'])}"
    
        # Проверяем, что сброшена одна карта (discarded может быть int или tuple)
        discarded_ai = placement_info['discarded']
        num_discarded_by_ai = 0
        if discarded_ai is not None:
            if isinstance(discarded_ai, tuple):
                num_discarded_by_ai = len(discarded_ai)
            else: # int
                num_discarded_by_ai = 1
    
        assert num_discarded_by_ai == 1, f"AI should discard 1 card, but discarded {num_discarded_by_ai} ({discarded_ai})"
    
        # Проверяем, что сброшена наименее ценная карта (в данном случае 2c)
>       assert Card.to_str(placement_info['discarded']) == '2c', f"AI discarded {Card.to_str(placement_info['discarded'])}, expected 2c"
E       AssertionError: AI discarded Kh, expected 2c
E       assert 'Kh' == '2c'
E         
E         - 2c
E         + Kh

tests/test_ai_quality.py:80: AssertionError
___ test_ai_prefers_fantasy_qualification_progressive[fantasy_hand_str0-10] ____

agent_short_time = <mcts_agent.MCTSAgent object at 0x72c6cc233770>
fantasy_hand_str = ['Qs', 'Qd', 'As', 'Ks', 'Ts'], target_rank_int = 10

    @pytest.mark.parametrize("fantasy_hand_str, target_rank_int", [
        (['Qs', 'Qd', 'As', 'Ks', 'Ts'], RANK_QUEEN),
        (['Ks', 'Kd', 'As', 'Qs', 'Ts'], RANK_KING),
        (['As', 'Ad', 'Ks', 'Qs', 'Ts'], RANK_ACE),
        (['7s', '7d', '7c', 'Ks', 'Qs'], RANK_7), # Trips for fantasy
    ])
    def test_ai_prefers_fantasy_qualification_progressive(agent_short_time, fantasy_hand_str, target_rank_int):
        """
        Тест: ИИ должен стремиться к Фантазии (QQ+, KK+, AA+, Trips на топе).
        """
        board = PlayerBoard()
        cards_dealt = hand_to_int(fantasy_hand_str)
        remaining_deck = Deck.FULL_DECK_CARDS - set(cards_dealt)
    
        placement_info = agent_short_time.choose_placement(board, cards_dealt, remaining_deck, 0)
        assert placement_info is not None, "AI did not return a placement"
    
        board_after_ai_move = board.copy()
        for card_int, row, idx in placement_info['placements']:
            board_after_ai_move.add_card(card_int, row, idx)
    
        top_row_cards = board_after_ai_move.get_row_cards('top')
    
        fantasy_achieved = False
        if len(top_row_cards) == 3:
            from ofc_evaluator_3card import evaluate_3_card_ofc # Локальный импорт для теста
            try:
                _, type_top, _ = evaluate_3_card_ofc(top_row_cards[0], top_row_cards[1], top_row_cards[2])
                if type_top == HAND_TYPE_TRIPS_3:
                    fantasy_achieved = True
>               elif type_top == HAND_TYPE_PAIR_3:
E               NameError: name 'HAND_TYPE_PAIR_3' is not defined

tests/test_ai_quality.py:127: NameError
___ test_ai_prefers_fantasy_qualification_progressive[fantasy_hand_str1-11] ____

agent_short_time = <mcts_agent.MCTSAgent object at 0x72c6cc3d7f20>
fantasy_hand_str = ['Ks', 'Kd', 'As', 'Qs', 'Ts'], target_rank_int = 11

    @pytest.mark.parametrize("fantasy_hand_str, target_rank_int", [
        (['Qs', 'Qd', 'As', 'Ks', 'Ts'], RANK_QUEEN),
        (['Ks', 'Kd', 'As', 'Qs', 'Ts'], RANK_KING),
        (['As', 'Ad', 'Ks', 'Qs', 'Ts'], RANK_ACE),
        (['7s', '7d', '7c', 'Ks', 'Qs'], RANK_7), # Trips for fantasy
    ])
    def test_ai_prefers_fantasy_qualification_progressive(agent_short_time, fantasy_hand_str, target_rank_int):
        """
        Тест: ИИ должен стремиться к Фантазии (QQ+, KK+, AA+, Trips на топе).
        """
        board = PlayerBoard()
        cards_dealt = hand_to_int(fantasy_hand_str)
        remaining_deck = Deck.FULL_DECK_CARDS - set(cards_dealt)
    
        placement_info = agent_short_time.choose_placement(board, cards_dealt, remaining_deck, 0)
        assert placement_info is not None, "AI did not return a placement"
    
        board_after_ai_move = board.copy()
        for card_int, row, idx in placement_info['placements']:
            board_after_ai_move.add_card(card_int, row, idx)
    
        top_row_cards = board_after_ai_move.get_row_cards('top')
    
        fantasy_achieved = False
        if len(top_row_cards) == 3:
            from ofc_evaluator_3card import evaluate_3_card_ofc # Локальный импорт для теста
            try:
                _, type_top, _ = evaluate_3_card_ofc(top_row_cards[0], top_row_cards[1], top_row_cards[2])
                if type_top == HAND_TYPE_TRIPS_3:
                    fantasy_achieved = True
                elif type_top == HAND_TYPE_PAIR_3:
                    ranks_top_counter = Counter(Card.get_rank_int(c) for c in top_row_cards)
                    pair_rank_top = next((r for r, count in ranks_top_counter.items() if count == 2), -1)
                    if pair_rank_top >= RANK_QUEEN: # QQ, KK, AA
                        fantasy_achieved = True
            except ValueError: # Если рука на топе невалидна (например, не 3 карты)
                pass
    
        # Заполняем доску до конца случайными картами для полной проверки на фол
        if not board_after_ai_move.is_complete():
            current_board_all_cards = board_after_ai_move.get_all_cards()
            deck_list_for_completion = list(remaining_deck - current_board_all_cards)
            random.shuffle(deck_list_for_completion)
            slots_to_fill = board_after_ai_move.get_available_slots()
            for i, (r, s_idx) in enumerate(slots_to_fill):
                if i < len(deck_list_for_completion):
                    board_after_ai_move.add_card(deck_list_for_completion[i], r, s_idx)
                else: break
    
        if board_after_ai_move.is_complete():
            is_foul = check_board_foul(board_after_ai_move)
            if fantasy_achieved:
                assert not is_foul, f"AI aimed for Fantasyland ({fantasy_hand_str}) but fouled."
            else:
                # Если Фантазия не достигнута, но могла быть, это сложнее.
                # Для этого теста, если ФЛ не достигнут, но и фола нет, тест проходит.
>               assert not is_foul, f"AI made a move that leads to a foul in fantasy attempt scenario ({fantasy_hand_str})."
E               AssertionError: AI made a move that leads to a foul in fantasy attempt scenario (['Ks', 'Kd', 'As', 'Qs', 'Ts']).
E               assert not True

tests/test_ai_quality.py:153: AssertionError
___ test_ai_prefers_fantasy_qualification_progressive[fantasy_hand_str2-12] ____

agent_short_time = <mcts_agent.MCTSAgent object at 0x72c6cc3d5be0>
fantasy_hand_str = ['As', 'Ad', 'Ks', 'Qs', 'Ts'], target_rank_int = 12

    @pytest.mark.parametrize("fantasy_hand_str, target_rank_int", [
        (['Qs', 'Qd', 'As', 'Ks', 'Ts'], RANK_QUEEN),
        (['Ks', 'Kd', 'As', 'Qs', 'Ts'], RANK_KING),
        (['As', 'Ad', 'Ks', 'Qs', 'Ts'], RANK_ACE),
        (['7s', '7d', '7c', 'Ks', 'Qs'], RANK_7), # Trips for fantasy
    ])
    def test_ai_prefers_fantasy_qualification_progressive(agent_short_time, fantasy_hand_str, target_rank_int):
        """
        Тест: ИИ должен стремиться к Фантазии (QQ+, KK+, AA+, Trips на топе).
        """
        board = PlayerBoard()
        cards_dealt = hand_to_int(fantasy_hand_str)
        remaining_deck = Deck.FULL_DECK_CARDS - set(cards_dealt)
    
        placement_info = agent_short_time.choose_placement(board, cards_dealt, remaining_deck, 0)
        assert placement_info is not None, "AI did not return a placement"
    
        board_after_ai_move = board.copy()
        for card_int, row, idx in placement_info['placements']:
            board_after_ai_move.add_card(card_int, row, idx)
    
        top_row_cards = board_after_ai_move.get_row_cards('top')
    
        fantasy_achieved = False
        if len(top_row_cards) == 3:
            from ofc_evaluator_3card import evaluate_3_card_ofc # Локальный импорт для теста
            try:
                _, type_top, _ = evaluate_3_card_ofc(top_row_cards[0], top_row_cards[1], top_row_cards[2])
                if type_top == HAND_TYPE_TRIPS_3:
                    fantasy_achieved = True
>               elif type_top == HAND_TYPE_PAIR_3:
E               NameError: name 'HAND_TYPE_PAIR_3' is not defined

tests/test_ai_quality.py:127: NameError
____ test_ai_prefers_fantasy_qualification_progressive[fantasy_hand_str3-5] ____

agent_short_time = <mcts_agent.MCTSAgent object at 0x72c6cc0f5280>
fantasy_hand_str = ['7s', '7d', '7c', 'Ks', 'Qs'], target_rank_int = 5

    @pytest.mark.parametrize("fantasy_hand_str, target_rank_int", [
        (['Qs', 'Qd', 'As', 'Ks', 'Ts'], RANK_QUEEN),
        (['Ks', 'Kd', 'As', 'Qs', 'Ts'], RANK_KING),
        (['As', 'Ad', 'Ks', 'Qs', 'Ts'], RANK_ACE),
        (['7s', '7d', '7c', 'Ks', 'Qs'], RANK_7), # Trips for fantasy
    ])
    def test_ai_prefers_fantasy_qualification_progressive(agent_short_time, fantasy_hand_str, target_rank_int):
        """
        Тест: ИИ должен стремиться к Фантазии (QQ+, KK+, AA+, Trips на топе).
        """
        board = PlayerBoard()
        cards_dealt = hand_to_int(fantasy_hand_str)
        remaining_deck = Deck.FULL_DECK_CARDS - set(cards_dealt)
    
        placement_info = agent_short_time.choose_placement(board, cards_dealt, remaining_deck, 0)
        assert placement_info is not None, "AI did not return a placement"
    
        board_after_ai_move = board.copy()
        for card_int, row, idx in placement_info['placements']:
            board_after_ai_move.add_card(card_int, row, idx)
    
        top_row_cards = board_after_ai_move.get_row_cards('top')
    
        fantasy_achieved = False
        if len(top_row_cards) == 3:
            from ofc_evaluator_3card import evaluate_3_card_ofc # Локальный импорт для теста
            try:
                _, type_top, _ = evaluate_3_card_ofc(top_row_cards[0], top_row_cards[1], top_row_cards[2])
                if type_top == HAND_TYPE_TRIPS_3:
                    fantasy_achieved = True
                elif type_top == HAND_TYPE_PAIR_3:
                    ranks_top_counter = Counter(Card.get_rank_int(c) for c in top_row_cards)
                    pair_rank_top = next((r for r, count in ranks_top_counter.items() if count == 2), -1)
                    if pair_rank_top >= RANK_QUEEN: # QQ, KK, AA
                        fantasy_achieved = True
            except ValueError: # Если рука на топе невалидна (например, не 3 карты)
                pass
    
        # Заполняем доску до конца случайными картами для полной проверки на фол
        if not board_after_ai_move.is_complete():
            current_board_all_cards = board_after_ai_move.get_all_cards()
            deck_list_for_completion = list(remaining_deck - current_board_all_cards)
            random.shuffle(deck_list_for_completion)
            slots_to_fill = board_after_ai_move.get_available_slots()
            for i, (r, s_idx) in enumerate(slots_to_fill):
                if i < len(deck_list_for_completion):
                    board_after_ai_move.add_card(deck_list_for_completion[i], r, s_idx)
                else: break
    
        if board_after_ai_move.is_complete():
            is_foul = check_board_foul(board_after_ai_move)
            if fantasy_achieved:
                assert not is_foul, f"AI aimed for Fantasyland ({fantasy_hand_str}) but fouled."
            else:
                # Если Фантазия не достигнута, но могла быть, это сложнее.
                # Для этого теста, если ФЛ не достигнут, но и фола нет, тест проходит.
>               assert not is_foul, f"AI made a move that leads to a foul in fantasy attempt scenario ({fantasy_hand_str})."
E               AssertionError: AI made a move that leads to a foul in fantasy attempt scenario (['7s', '7d', '7c', 'Ks', 'Qs']).
E               assert not True

tests/test_ai_quality.py:153: AssertionError
_________________________ test_ai_avoids_obvious_foul __________________________

agent_short_time = <mcts_agent.MCTSAgent object at 0x72c6cc0f4080>

    def test_ai_avoids_obvious_foul(agent_short_time):
        """
        Тест: ИИ должен избегать очевидного фола, если есть безопасная альтернатива.
        """
        board = PlayerBoard()
        # Топ: KKK (очень сильный)
        board.add_card(Card.from_str('Ks'), 'top', 0); board.add_card(Card.from_str('Kd'), 'top', 1); board.add_card(Card.from_str('Kc'), 'top', 2)
        # Мидл: 223xx (очень слабый)
        board.add_card(Card.from_str('2s'), 'middle', 0); board.add_card(Card.from_str('2d'), 'middle', 1); board.add_card(Card.from_str('3h'), 'middle', 2)
    
        # Сдаем карты, которые могут легко сделать мидл сильнее топа: Ah, Ad, Ac
        cards_dealt = hand_to_int(['Ah', 'Ad', 'Ac'])
        # Опасный ход: AA на мидл (AAx сильнее KKK -> Фол)
        # Безопасный ход: AA на боттом, третья карта (A) на мидл (если есть место) или сброс.
    
        initial_board_cards = board.get_all_cards()
        remaining_deck = Deck.FULL_DECK_CARDS - set(cards_dealt) - initial_board_cards
    
        placement_info = agent_short_time.choose_placement(board, cards_dealt, remaining_deck, 0)
        assert placement_info is not None, "AI did not return a placement"
    
        final_board = board.copy()
        placed_cards_in_move_ints = set()
        for card_int, row, idx in placement_info['placements']:
            final_board.add_card(card_int, row, idx)
            placed_cards_in_move_ints.add(card_int)
    
        if not final_board.is_complete():
            current_remaining_deck_list = list(remaining_deck - placed_cards_in_move_ints)
            if placement_info.get('discarded') is not None:
                discarded_val = placement_info['discarded']
                if isinstance(discarded_val, tuple):
                    for d_card in discarded_val:
                        if d_card in current_remaining_deck_list: current_remaining_deck_list.remove(d_card)
                elif discarded_val in current_remaining_deck_list:
                    current_remaining_deck_list.remove(discarded_val)
    
            random.shuffle(current_remaining_deck_list)
            slots_to_fill = final_board.get_available_slots()
            for i, (r, s_idx) in enumerate(slots_to_fill):
                if i < len(current_remaining_deck_list): final_board.add_card(current_remaining_deck_list[i], r, s_idx)
                else: break
    
        if final_board.is_complete():
>           assert not check_board_foul(final_board), "AI made a move that leads to a foul"
E           AssertionError: AI made a move that leads to a foul
E           assert not True
E            +  where True = check_board_foul(PlayerBoard(Cards=13, Foul=True))

tests/test_ai_quality.py:210: AssertionError
__________________ test_ai_first_street_strong_hand_to_bottom __________________

agent_short_time = <mcts_agent.MCTSAgent object at 0x72c6cc3d70b0>

    def test_ai_first_street_strong_hand_to_bottom(agent_short_time):
        """
        Тест: На первой улице сильная готовая рука (например, стрит) должна идти на боттом.
        """
        board = PlayerBoard()
        cards_dealt = hand_to_int(['As', 'Ks', 'Qs', 'Js', 'Ts']) # Роял-Флеш
        remaining_deck = Deck.FULL_DECK_CARDS - set(cards_dealt)
    
        placement_info = agent_short_time.choose_placement(board, cards_dealt, remaining_deck, 0)
        assert placement_info is not None and len(placement_info['placements']) == 5
    
        bottom_cards = [p[0] for p in placement_info['placements'] if p[1] == 'bottom']
>       assert len(bottom_cards) == 5, "AI did not place all 5 cards of RF on bottom"
E       AssertionError: AI did not place all 5 cards of RF on bottom
E       assert 3 == 5
E        +  where 3 = len([268442665, 134224677, 16783383])

tests/test_ai_quality.py:251: AssertionError
_________________ test_ai_handles_unknown_cards_conservatively _________________

agent_short_time = <mcts_agent.MCTSAgent object at 0x72c6cc3d54c0>

    def test_ai_handles_unknown_cards_conservatively(agent_short_time):
        """
        Тест: При большом количестве "?" карт, ИИ должен быть более консервативен
        в отношении дро, зависящих от многих аутов.
        Сценарий: Две опции - рискованное флеш-дро (много аутов, но много "?")
                     или менее ценная, но более надежная пара.
        """
        board = PlayerBoard() # Пустая доска
        # Рука: 4 карты на флеш + одна карта для пары
        # Ah Kh Qh Jh 2d (4 червы + двойка бубен)
        cards_dealt = hand_to_int(['Ah', 'Kh', 'Qh', 'Jh', '2d'])
    
        # Сценарий 1: Мало "?" карт
        remaining_deck_few_q = Deck.FULL_DECK_CARDS - set(cards_dealt)
        # Убедимся, что в колоде много черв для флеша
        # (Deck.FULL_DECK_CARDS уже содержит все карты)
    
        placement_few_q = agent_short_time.choose_placement(board.copy(), cards_dealt, remaining_deck_few_q, num_unknown_removed_cards=1)
        assert placement_few_q is not None
    
        board_after_few_q = PlayerBoard()
        for c,r,i in placement_few_q['placements']: board_after_few_q.add_card(c,r,i)
        # Ожидаем, что ИИ пойдет на флеш (например, 4 червы на боттом)
        bottom_cards_few_q = board_after_few_q.get_row_cards('bottom')
        is_flush_attempt_few_q = False
        if len(bottom_cards_few_q) >= 4:
            suits_bottom = Counter(Card.get_suit_int(c) for c in bottom_cards_few_q)
            if any(count >= 4 for count in suits_bottom.values()):
                is_flush_attempt_few_q = True
    
        # Сценарий 2: Много "?" карт (например, 15)
        # Колода та же, но ИИ знает, что много карт удалено неизвестно как
        placement_many_q = agent_short_time.choose_placement(board.copy(), cards_dealt, remaining_deck_few_q, num_unknown_removed_cards=15)
        assert placement_many_q is not None
    
        board_after_many_q = PlayerBoard()
        for c,r,i in placement_many_q['placements']: board_after_many_q.add_card(c,r,i)
        bottom_cards_many_q = board_after_many_q.get_row_cards('bottom')
        is_flush_attempt_many_q = False
        if len(bottom_cards_many_q) >= 4:
            suits_bottom = Counter(Card.get_suit_int(c) for c in bottom_cards_many_q)
            if any(count >= 4 for count in suits_bottom.values()):
                is_flush_attempt_many_q = True
    
        # Ожидаем, что при малом "?" ИИ может пойти на флеш,
        # а при большом "?" может предпочесть более безопасную игру (например, пару 22 на мидл/топ, а AKQJ на боттом).
        # Этот тест сложен для точного ассерта, т.к. зависит от многих факторов.
        # Пока что проверим, что ходы разные или что оценка флеша ниже при многих "?".
        # Если is_flush_attempt_few_q == True, то ожидаем, что is_flush_attempt_many_q может быть False.
        if is_flush_attempt_few_q and not is_flush_attempt_many_q:
            logger.info("AI correctly became more conservative with flush draw due to many '?' cards.")
            pass # Это ожидаемое поведение
        elif is_flush_attempt_few_q and is_flush_attempt_many_q:
            logger.warning("AI still attempted flush draw with many '?' cards. Review conservatism.")
            # Это не обязательно ошибка, но требует внимания.
        elif not is_flush_attempt_few_q and is_flush_attempt_many_q:
            logger.warning("AI attempted flush draw ONLY with many '?' cards. Unexpected.")
        else: # Оба не пошли на флеш
>           logger.info("AI did not attempt flush draw in either '?' scenario for this hand.")
E           NameError: name 'logger' is not defined

tests/test_ai_quality.py:313: NameError
_________________________ test_mcts_agent_init_custom __________________________

    def test_mcts_agent_init_custom():
        agent = MCTSAgent(exploration=2.0, time_limit_ms=1000, num_workers=4, rollouts_per_leaf=5)
        assert agent.exploration == 2.0; assert agent.time_limit == 1.0
>       assert agent.num_workers == 4; assert agent.rollouts_per_leaf == 5
E       assert 2 == 4
E        +  where 2 = <mcts_agent.MCTSAgent object at 0x72c6cc0f6d80>.num_workers

tests/test_mcts_agent.py:36: AssertionError
_______________ TestUncertaintyHandling.test_count_specific_outs _______________

self = <tests.test_uncertainty_handling.TestUncertaintyHandling object at 0x72c6cc0f7d10>

    def test_count_specific_outs(self):
        # 5 spades + 5 hearts = 10 cards in this specific deck portion being evaluated
        deck_cards = {
            Card.from_str('As'), Card.from_str('Ks'), Card.from_str('Qs'), Card.from_str('Js'), Card.from_str('Ts'),
            Card.from_str('Ah'), Card.from_str('Kh'), Card.from_str('Qh'), Card.from_str('Jh'), Card.from_str('Th')
        }
        check_spade = lambda card_int: Card.get_suit_int(card_int) == SUIT_SPADES
        visible_spades = sum(1 for card in deck_cards if check_spade(card)) # Should be 5
    
        # Scenario 1: No unknowns, original_deck_size is the actual size of deck_cards
        # This tests the case where the 'deck' passed to _count_specific_outs is the full conceptual remaining deck.
>       eff_outs_1 = MCTSNode._count_specific_outs(deck_cards, check_spade, 0, len(deck_cards))
E       AttributeError: type object 'MCTSNode' has no attribute '_count_specific_outs'

tests/test_uncertainty_handling.py:32: AttributeError
_________ TestUncertaintyHandling.test_get_dynamic_weights_uncertainty _________

self = <tests.test_uncertainty_handling.TestUncertaintyHandling object at 0x72c6cc0f7410>

    def test_get_dynamic_weights_uncertainty(self):
        cards_on_board_mid_game = 7
>       weights_low_unk = MCTSNode._get_dynamic_weights(cards_placed_on_board=cards_on_board_mid_game, num_unknown_removed=0)
E       AttributeError: type object 'MCTSNode' has no attribute '_get_dynamic_weights'

tests/test_uncertainty_handling.py:75: AttributeError
_______ TestUncertaintyHandling.test_estimate_row_potential_uncertainty ________

self = <tests.test_uncertainty_handling.TestUncertaintyHandling object at 0x72c6cc0f7050>

    def test_estimate_row_potential_uncertainty(self):
        cards_placed_for_dw = 8 # For _get_dynamic_weights call, represents cards on ENTIRE board
    
        current_row_cards = hand_to_int(['As', 'Ks', 'Qs', 'Js']) # 4 spades in row
    
        # deck_node_remaining is the set of cards NOT on the board and NOT in current_row_cards,
        # but notionally includes all cards that *could* be drawn.
        # For this test, it's the conceptual remaining deck for the MCTSNode.
        deck_node_remaining = {Card.from_str('Ts')} # The spade out for flush
        for i in range(20): # Add 20 non-spade cards
            suit = SUIT_HEARTS if i % 2 == 0 else SUIT_CLUBS
            rank_char = INT_RANK_TO_CHAR.get(i % 13, '2') # Cycle through ranks - CORRECTED ACCESS
            if rank_char == 'A' and suit == SUIT_SPADES: continue # Avoid duplicate As
            deck_node_remaining.add(Card.from_str(f"{rank_char}{INT_SUIT_TO_CHAR[suit]}")) # CORRECTED ACCESS & USAGE
    
        original_deck_size_in_node = len(deck_node_remaining)
    
        # Low uncertainty
>       weights_low_unk = MCTSNode._get_dynamic_weights(cards_placed_for_dw, 0)
E       AttributeError: type object 'MCTSNode' has no attribute '_get_dynamic_weights'

tests/test_uncertainty_handling.py:109: AttributeError
______ TestUncertaintyHandling.test_calculate_heuristic_score_uncertainty ______

self = <tests.test_uncertainty_handling.TestUncertaintyHandling object at 0x72c6cc0f49e0>

    def test_calculate_heuristic_score_uncertainty(self):
        board = PlayerBoard()
        # Setup a board where a draw is prominent
        board.add_card(Card.from_str('As'), 'bottom', 0)
        board.add_card(Card.from_str('Ks'), 'bottom', 1)
        board.add_card(Card.from_str('Qs'), 'bottom', 2)
        board.add_card(Card.from_str('Js'), 'bottom', 3) # 4 spades on bottom
        cards_placed_on_board = board.get_total_cards() # Should be 4
    
        # deck_snapshot is MCTSNode.remaining_deck: cards not on board.
        deck_snapshot = {Card.from_str('Ts')} # The spade out for bottom
        for i in range(20): # Add 20 non-spade cards
            suit = SUIT_HEARTS if i % 2 == 0 else SUIT_CLUBS
            rank_char = INT_RANK_TO_CHAR.get(i % 13, '2') # CORRECTED ACCESS
            if rank_char == 'T' and suit == SUIT_SPADES: continue
            deck_snapshot.add(Card.from_str(f"{rank_char}{INT_SUIT_TO_CHAR[suit]}")) # CORRECTED ACCESS & USAGE
    
        original_deck_size_for_snapshot = len(deck_snapshot)
    
        # Low uncertainty
        score_low_unk = MCTSNode._calculate_heuristic_score_v2(
            board, deck_snapshot, False, 0, original_deck_size_for_snapshot
        )
    
        # High uncertainty
        num_high_unknowns = 10
        score_high_unk = MCTSNode._calculate_heuristic_score_v2(
            board, deck_snapshot, False, num_high_unknowns, original_deck_size_for_snapshot
        )
    
>       assert score_high_unk < score_low_unk, "Heuristic score with high uncertainty should be lower"
E       AssertionError: Heuristic score with high uncertainty should be lower
E       assert 1.8 < 1.8

tests/test_uncertainty_handling.py:152: AssertionError
=========================== short test summary info ============================
FAILED tests/test_ai_quality.py::test_ai_handles_11_plus_3_cards_correctly - ...
FAILED tests/test_ai_quality.py::test_ai_prefers_fantasy_qualification_progressive[fantasy_hand_str0-10]
FAILED tests/test_ai_quality.py::test_ai_prefers_fantasy_qualification_progressive[fantasy_hand_str1-11]
FAILED tests/test_ai_quality.py::test_ai_prefers_fantasy_qualification_progressive[fantasy_hand_str2-12]
FAILED tests/test_ai_quality.py::test_ai_prefers_fantasy_qualification_progressive[fantasy_hand_str3-5]
FAILED tests/test_ai_quality.py::test_ai_avoids_obvious_foul - AssertionError...
FAILED tests/test_ai_quality.py::test_ai_first_street_strong_hand_to_bottom
FAILED tests/test_ai_quality.py::test_ai_handles_unknown_cards_conservatively
FAILED tests/test_mcts_agent.py::test_mcts_agent_init_custom - assert 2 == 4
FAILED tests/test_uncertainty_handling.py::TestUncertaintyHandling::test_count_specific_outs
FAILED tests/test_uncertainty_handling.py::TestUncertaintyHandling::test_get_dynamic_weights_uncertainty
FAILED tests/test_uncertainty_handling.py::TestUncertaintyHandling::test_estimate_row_potential_uncertainty
FAILED tests/test_uncertainty_handling.py::TestUncertaintyHandling::test_calculate_heuristic_score_uncertainty
================== 13 failed, 104 passed, 1 skipped in 14.18s ==================
